2025-10-18 07:30:51.452 [main] INFO  org.example.AccountRegistry - Счета загружены из файла
2025-10-18 07:30:51.454 [main] INFO  org.example.AccountRegistry - Реестр счетов инициализирован
2025-10-18 07:30:51.455 [main] INFO  org.example.BankAccountManager - Менеджер банковских счетов запущен
2025-10-18 07:33:14.178 [main] INFO  org.example.AccountRegistry - Счета загружены из файла
2025-10-18 07:33:14.180 [main] INFO  org.example.AccountRegistry - Реестр счетов инициализирован
2025-10-18 07:33:14.180 [main] INFO  org.example.BankAccountManager - Менеджер банковских счетов запущен
2025-10-18 07:33:33.855 [main] INFO  org.example.BankDetails - Реквизиты созданы для счёта: 58301749261580934721
2025-10-18 07:33:33.859 [main] INFO  org.example.BankAccount - Транзакции загружены для счёта 58301749261580934721
2025-10-18 07:33:33.859 [main] INFO  org.example.BankAccount - Банковский счёт инициализирован для: 58301749261580934721
2025-10-18 07:33:33.859 [main] INFO  org.example.AccountRegistry - Счёт сохранён в файл: 58301749261580934721
2025-10-18 07:33:33.860 [main] INFO  org.example.AccountRegistry - Добавлен счёт: 58301749261580934721
2025-10-18 07:33:33.860 [main] INFO  org.example.BankAccountManager - Аккаунта создан: 58301749261580934721
2025-10-18 07:33:38.726 [main] INFO  org.example.BankAccountManager - Программа завершена
2025-10-18 07:33:43.494 [main] INFO  org.example.AccountRegistry - Счета загружены из файла
2025-10-18 07:33:43.497 [main] INFO  org.example.AccountRegistry - Реестр счетов инициализирован
2025-10-18 07:33:43.497 [main] INFO  org.example.BankAccountManager - Менеджер банковских счетов запущен
2025-10-18 07:33:45.943 [main] WARN  org.example.AccountRegistry - Счёт с номером 58301749261580934721 не найден
2025-10-18 07:44:14.227 [main] INFO  org.example.AccountRegistry - Счета загружены из файла
2025-10-18 07:44:14.228 [main] INFO  org.example.AccountRegistry - Реестр счетов инициализирован
2025-10-18 07:44:14.229 [main] INFO  org.example.BankAccountManager - Менеджер банковских счетов запущен
2025-10-18 07:44:24.079 [main] ERROR org.example.BankAccountManager - Неверный формат номера счёта: 
2025-10-18 07:44:42.928 [main] INFO  org.example.BankDetails - Реквизиты созданы для счёта: 58301749261580934721
2025-10-18 07:44:42.931 [main] INFO  org.example.BankAccount - Транзакции загружены для счёта 58301749261580934721
2025-10-18 07:44:42.931 [main] INFO  org.example.BankAccount - Банковский счёт инициализирован для: 58301749261580934721
2025-10-18 07:44:42.931 [main] INFO  org.example.AccountRegistry - Счёт сохранён в файл: 58301749261580934721
2025-10-18 07:44:42.932 [main] INFO  org.example.AccountRegistry - Добавлен счёт: 58301749261580934721
2025-10-18 07:44:42.932 [main] INFO  org.example.BankAccountManager - Аккаунта создан: 58301749261580934721
2025-10-18 07:44:48.194 [main] INFO  org.example.Transaction - Создана транзакция: DEPOSIT 500.0
2025-10-18 07:44:48.195 [main] INFO  org.example.BankAccount - Транзакция сохранена для счёта 58301749261580934721
2025-10-18 07:44:48.195 [main] INFO  org.example.BankAccount - Пополнение: 500.0 на счёт 58301749261580934721
2025-10-18 07:44:52.324 [main] INFO  org.example.BankAccountManager - Баланс показан: 500.0 для аккаунта 58301749261580934721
2025-10-18 07:45:09.293 [main] INFO  org.example.BankAccountManager - Программа завершена
2025-10-18 07:45:17.767 [main] INFO  org.example.BankDetails - Реквизиты созданы для счёта: 58301749261580934721
2025-10-18 07:45:17.769 [main] INFO  org.example.BankAccount - Транзакции загружены для счёта 58301749261580934721
2025-10-18 07:45:17.769 [main] INFO  org.example.BankAccount - Банковский счёт инициализирован для: 58301749261580934721
2025-10-18 07:45:17.769 [main] INFO  org.example.AccountRegistry - Счета загружены из файла
2025-10-18 07:45:17.769 [main] INFO  org.example.AccountRegistry - Реестр счетов инициализирован
2025-10-18 07:45:17.770 [main] INFO  org.example.BankAccountManager - Менеджер банковских счетов запущен
2025-10-18 07:45:20.577 [main] INFO  org.example.AccountRegistry - Найден счёт по номеру: 58301749261580934721
2025-10-18 07:45:20.590 [main] INFO  org.example.BankAccountManager - Аккаунт выбран: 58301749261580934721
2025-10-18 07:45:41.558 [main] WARN  org.example.BankAccount - Транзакции по счёту 58301749261580934721 не найдены
2025-10-18 07:46:59.536 [main] INFO  org.example.BankDetails - Реквизиты созданы для счёта: 58301749261580934721
2025-10-18 07:46:59.538 [main] INFO  org.example.BankAccount - Транзакции загружены для счёта 58301749261580934721
2025-10-18 07:46:59.538 [main] INFO  org.example.BankAccount - Банковский счёт инициализирован для: 58301749261580934721
2025-10-18 07:46:59.539 [main] INFO  org.example.AccountRegistry - Счета загружены из файла
2025-10-18 07:46:59.539 [main] INFO  org.example.AccountRegistry - Реестр счетов инициализирован
2025-10-18 07:46:59.539 [main] INFO  org.example.BankAccountManager - Менеджер банковских счетов запущен
2025-10-18 07:47:10.472 [main] INFO  org.example.AccountRegistry - Найден счёт по номеру: 58301749261580934721
2025-10-18 07:47:10.490 [main] INFO  org.example.BankAccountManager - Аккаунт выбран: 58301749261580934721
2025-10-18 07:47:22.773 [main] ERROR org.example.BankAccount - Недостаточно средств для снятия: 200.0
2025-10-18 07:47:22.773 [main] ERROR org.example.BankAccountManager - Ошибка вывода: Недостаточно средств на счёте
2025-10-18 07:48:54.191 [main] INFO  org.example.BankDetails - Реквизиты созданы для счёта: 58301749261580934721
2025-10-18 07:48:54.193 [main] INFO  org.example.BankAccount - Транзакции загружены для счёта 58301749261580934721
2025-10-18 07:48:54.194 [main] INFO  org.example.BankAccount - Банковский счёт инициализирован для: 58301749261580934721
2025-10-18 07:48:54.194 [main] INFO  org.example.AccountRegistry - Счета загружены из файла
2025-10-18 07:48:54.194 [main] INFO  org.example.AccountRegistry - Реестр счетов инициализирован
2025-10-18 07:48:54.194 [main] INFO  org.example.BankAccountManager - Менеджер банковских счетов запущен
2025-10-18 07:49:05.114 [main] INFO  org.example.AccountRegistry - Найден счёт по номеру: 58301749261580934721
2025-10-18 07:49:05.124 [main] INFO  org.example.BankAccountManager - Аккаунт выбран: 58301749261580934721
2025-10-18 07:49:08.852 [main] INFO  org.example.Transaction - Создана транзакция: DEPOSIT 500.0
2025-10-18 07:49:08.853 [main] INFO  org.example.BankAccount - Транзакция сохранена для счёта 58301749261580934721
2025-10-18 07:49:08.854 [main] INFO  org.example.BankAccount - Пополнение: 500.0 на счёт 58301749261580934721
2025-10-18 07:49:10.818 [main] INFO  org.example.BankAccountManager - Программа завершена
2025-10-18 07:49:15.866 [main] INFO  org.example.BankDetails - Реквизиты созданы для счёта: 58301749261580934721
2025-10-18 07:49:15.869 [main] INFO  org.example.BankAccount - Транзакции загружены для счёта 58301749261580934721
2025-10-18 07:49:15.870 [main] INFO  org.example.BankAccount - Банковский счёт инициализирован для: 58301749261580934721
2025-10-18 07:49:15.870 [main] INFO  org.example.AccountRegistry - Счета загружены из файла
2025-10-18 07:49:15.870 [main] INFO  org.example.AccountRegistry - Реестр счетов инициализирован
2025-10-18 07:49:15.870 [main] INFO  org.example.BankAccountManager - Менеджер банковских счетов запущен
2025-10-18 07:49:18.071 [main] INFO  org.example.AccountRegistry - Найден счёт по номеру: 58301749261580934721
2025-10-18 07:49:18.077 [main] INFO  org.example.BankAccountManager - Аккаунт выбран: 58301749261580934721
2025-10-18 07:49:20.822 [main] ERROR org.example.BankAccount - Недостаточно средств для снятия: 200.0
2025-10-18 07:49:20.823 [main] ERROR org.example.BankAccountManager - Ошибка вывода: Недостаточно средств на счёте
2025-10-18 07:49:27.790 [main] INFO  org.example.BankAccountManager - Баланс показан: 0.0 для аккаунта 58301749261580934721
2025-10-18 07:53:15.537 [main] INFO  org.example.BankDetails - Реквизиты созданы для счёта: 58301749261580934721
2025-10-18 07:53:15.539 [main] INFO  org.example.BankAccount - Транзакции загружены для счёта 58301749261580934721
2025-10-18 07:53:15.539 [main] INFO  org.example.BankAccount - Банковский счёт инициализирован для: 58301749261580934721
2025-10-18 07:53:15.539 [main] INFO  org.example.BankAccount - Транзакции загружены для счёта 58301749261580934721
2025-10-18 07:53:15.539 [main] INFO  org.example.BankAccount - Банковский счёт инициализирован для: 58301749261580934721
2025-10-18 07:53:15.540 [main] INFO  org.example.AccountRegistry - Счета загружены из файла
2025-10-18 07:53:15.540 [main] INFO  org.example.AccountRegistry - Реестр счетов инициализирован
2025-10-18 07:53:15.540 [main] INFO  org.example.BankAccountManager - Менеджер банковских счетов запущен
2025-10-18 07:53:27.206 [main] INFO  org.example.AccountRegistry - Найден счёт по номеру: 58301749261580934721
2025-10-18 07:53:27.214 [main] INFO  org.example.BankAccountManager - Аккаунт выбран: 58301749261580934721
2025-10-18 07:53:31.192 [main] INFO  org.example.Transaction - Создана транзакция: DEPOSIT 400.0
2025-10-18 07:53:31.192 [main] INFO  org.example.BankAccount - Транзакция сохранена для счёта 58301749261580934721
2025-10-18 07:53:31.193 [main] INFO  org.example.BankAccount - Пополнение: 400.0 на счёт 58301749261580934721
2025-10-18 07:53:35.710 [main] INFO  org.example.BankAccountManager - Программа завершена
2025-10-18 07:53:39.408 [main] INFO  org.example.BankDetails - Реквизиты созданы для счёта: 58301749261580934721
2025-10-18 07:53:39.409 [main] INFO  org.example.BankAccount - Транзакции загружены для счёта 58301749261580934721
2025-10-18 07:53:39.410 [main] INFO  org.example.BankAccount - Банковский счёт инициализирован для: 58301749261580934721
2025-10-18 07:53:39.410 [main] INFO  org.example.BankAccount - Транзакции загружены для счёта 58301749261580934721
2025-10-18 07:53:39.410 [main] INFO  org.example.BankAccount - Банковский счёт инициализирован для: 58301749261580934721
2025-10-18 07:53:39.410 [main] INFO  org.example.AccountRegistry - Счета загружены из файла
2025-10-18 07:53:39.410 [main] INFO  org.example.AccountRegistry - Реестр счетов инициализирован
2025-10-18 07:53:39.410 [main] INFO  org.example.BankAccountManager - Менеджер банковских счетов запущен
2025-10-18 07:53:42.161 [main] INFO  org.example.AccountRegistry - Найден счёт по номеру: 58301749261580934721
2025-10-18 07:53:42.165 [main] INFO  org.example.BankAccountManager - Аккаунт выбран: 58301749261580934721
2025-10-18 07:53:44.269 [main] ERROR org.example.BankAccount - Недостаточно средств для снятия: 200.0
2025-10-18 07:53:44.270 [main] ERROR org.example.BankAccountManager - Ошибка вывода: Недостаточно средств на счёте
2025-10-18 07:54:02.018 [main] INFO  org.example.BankDetails - Реквизиты созданы для счёта: 58301749261580934721
2025-10-18 07:54:02.020 [main] INFO  org.example.BankAccount - Транзакции загружены для счёта 58301749261580934721
2025-10-18 07:54:02.020 [main] INFO  org.example.BankAccount - Банковский счёт инициализирован для: 58301749261580934721
2025-10-18 07:54:02.020 [main] INFO  org.example.BankAccount - Транзакции загружены для счёта 58301749261580934721
2025-10-18 07:54:02.021 [main] INFO  org.example.BankAccount - Банковский счёт инициализирован для: 58301749261580934721
2025-10-18 07:54:02.021 [main] INFO  org.example.AccountRegistry - Счета загружены из файла
2025-10-18 07:54:02.021 [main] INFO  org.example.AccountRegistry - Реестр счетов инициализирован
2025-10-18 07:54:02.021 [main] INFO  org.example.BankAccountManager - Менеджер банковских счетов запущен
2025-10-18 07:54:30.562 [main] INFO  org.example.BankDetails - Реквизиты созданы для счёта: 92748160537291845063
2025-10-18 07:54:30.564 [main] INFO  org.example.BankAccount - Транзакции загружены для счёта 92748160537291845063
2025-10-18 07:54:30.564 [main] INFO  org.example.BankAccount - Банковский счёт инициализирован для: 92748160537291845063
2025-10-18 07:54:30.567 [main] INFO  org.example.AccountRegistry - Счёт сохранён в файл: 92748160537291845063
2025-10-18 07:54:30.568 [main] INFO  org.example.AccountRegistry - Добавлен счёт: 92748160537291845063
2025-10-18 07:54:30.568 [main] INFO  org.example.BankAccountManager - Аккаунта создан: 92748160537291845063
2025-10-18 07:54:37.927 [main] INFO  org.example.Transaction - Создана транзакция: DEPOSIT 455.0
2025-10-18 07:54:37.928 [main] INFO  org.example.BankAccount - Транзакция сохранена для счёта 92748160537291845063
2025-10-18 07:54:37.928 [main] INFO  org.example.BankAccount - Пополнение: 455.0 на счёт 92748160537291845063
2025-10-18 07:54:41.838 [main] INFO  org.example.BankAccountManager - Программа завершена
2025-10-18 07:54:45.043 [main] INFO  org.example.BankDetails - Реквизиты созданы для счёта: 58301749261580934721
2025-10-18 07:54:45.046 [main] INFO  org.example.BankAccount - Транзакции загружены для счёта 58301749261580934721
2025-10-18 07:54:45.046 [main] INFO  org.example.BankAccount - Банковский счёт инициализирован для: 58301749261580934721
2025-10-18 07:54:45.046 [main] INFO  org.example.BankAccount - Транзакции загружены для счёта 58301749261580934721
2025-10-18 07:54:45.047 [main] INFO  org.example.BankAccount - Банковский счёт инициализирован для: 58301749261580934721
2025-10-18 07:54:45.047 [main] INFO  org.example.BankDetails - Реквизиты созданы для счёта: 92748160537291845063
2025-10-18 07:54:45.047 [main] INFO  org.example.BankAccount - Транзакции загружены для счёта 92748160537291845063
2025-10-18 07:54:45.048 [main] INFO  org.example.BankAccount - Банковский счёт инициализирован для: 92748160537291845063
2025-10-18 07:54:45.048 [main] INFO  org.example.BankAccount - Транзакции загружены для счёта 92748160537291845063
2025-10-18 07:54:45.048 [main] INFO  org.example.BankAccount - Банковский счёт инициализирован для: 92748160537291845063
2025-10-18 07:54:45.049 [main] INFO  org.example.AccountRegistry - Счета загружены из файла
2025-10-18 07:54:45.049 [main] INFO  org.example.AccountRegistry - Реестр счетов инициализирован
2025-10-18 07:54:45.049 [main] INFO  org.example.BankAccountManager - Менеджер банковских счетов запущен
2025-10-18 07:54:47.099 [main] INFO  org.example.AccountRegistry - Найден счёт по номеру: 92748160537291845063
2025-10-18 07:54:47.106 [main] INFO  org.example.BankAccountManager - Аккаунт выбран: 92748160537291845063
2025-10-18 07:54:51.924 [main] INFO  org.example.BankAccountManager - Баланс показан: 0.0 для аккаунта 92748160537291845063
2025-10-18 07:56:38.149 [main] INFO  org.example.BankDetails - Реквизиты созданы для счёта: 58301749261580934721
2025-10-18 07:56:38.153 [main] INFO  org.example.BankAccount - Транзакции загружены для счёта 58301749261580934721
2025-10-18 07:56:38.153 [main] INFO  org.example.BankAccount - Банковский счёт инициализирован для: 58301749261580934721
2025-10-18 07:56:38.154 [main] INFO  org.example.BankDetails - Реквизиты созданы для счёта: 92748160537291845063
2025-10-18 07:56:38.154 [main] INFO  org.example.BankAccount - Транзакции загружены для счёта 92748160537291845063
2025-10-18 07:56:38.154 [main] INFO  org.example.BankAccount - Банковский счёт инициализирован для: 92748160537291845063
2025-10-18 07:56:38.155 [main] INFO  org.example.AccountRegistry - Счета загружены из файла
2025-10-18 07:56:38.155 [main] INFO  org.example.AccountRegistry - Реестр счетов инициализирован
2025-10-18 07:56:38.155 [main] INFO  org.example.BankAccountManager - Менеджер банковских счетов запущен
2025-10-18 07:56:49.245 [main] ERROR org.example.BankAccountManager - Неверный формат КПП: 43242442
2025-10-18 07:57:04.067 [main] INFO  org.example.BankDetails - Реквизиты созданы для счёта: 92748160537291845063
2025-10-18 07:57:04.068 [main] INFO  org.example.BankAccount - Транзакции загружены для счёта 92748160537291845063
2025-10-18 07:57:04.069 [main] INFO  org.example.BankAccount - Банковский счёт инициализирован для: 92748160537291845063
2025-10-18 07:57:04.069 [main] INFO  org.example.AccountRegistry - Счёт сохранён в файл: 92748160537291845063
2025-10-18 07:57:04.070 [main] INFO  org.example.AccountRegistry - Добавлен счёт: 92748160537291845063
2025-10-18 07:57:04.071 [main] INFO  org.example.BankAccountManager - Аккаунта создан: 92748160537291845063
2025-10-18 07:57:25.516 [main] INFO  org.example.BankAccountManager - Баланс показан: 0.0 для аккаунта 92748160537291845063
2025-10-18 07:57:29.772 [main] ERROR org.example.BankAccountManager - Неверный формат номера счёта: q
2025-10-18 07:57:32.139 [main] INFO  org.example.Transaction - Создана транзакция: DEPOSIT 500.0
2025-10-18 07:57:32.139 [main] INFO  org.example.BankAccount - Транзакция сохранена для счёта 92748160537291845063
2025-10-18 07:57:32.140 [main] INFO  org.example.BankAccount - Пополнение: 500.0 на счёт 92748160537291845063
2025-10-18 07:57:33.668 [main] INFO  org.example.BankAccountManager - Программа завершена
2025-10-18 07:57:37.032 [main] INFO  org.example.BankDetails - Реквизиты созданы для счёта: 58301749261580934721
2025-10-18 07:57:37.035 [main] INFO  org.example.BankAccount - Транзакции загружены для счёта 58301749261580934721
2025-10-18 07:57:37.035 [main] INFO  org.example.BankAccount - Банковский счёт инициализирован для: 58301749261580934721
2025-10-18 07:57:37.036 [main] INFO  org.example.BankDetails - Реквизиты созданы для счёта: 92748160537291845063
2025-10-18 07:57:37.036 [main] INFO  org.example.BankAccount - Транзакции загружены для счёта 92748160537291845063
2025-10-18 07:57:37.036 [main] INFO  org.example.BankAccount - Банковский счёт инициализирован для: 92748160537291845063
2025-10-18 07:57:37.036 [main] INFO  org.example.BankDetails - Реквизиты созданы для счёта: 92748160537291845063
2025-10-18 07:57:37.037 [main] INFO  org.example.BankAccount - Транзакции загружены для счёта 92748160537291845063
2025-10-18 07:57:37.037 [main] INFO  org.example.BankAccount - Банковский счёт инициализирован для: 92748160537291845063
2025-10-18 07:57:37.037 [main] INFO  org.example.AccountRegistry - Счета загружены из файла
2025-10-18 07:57:37.037 [main] INFO  org.example.AccountRegistry - Реестр счетов инициализирован
2025-10-18 07:57:37.037 [main] INFO  org.example.BankAccountManager - Менеджер банковских счетов запущен
2025-10-18 07:57:39.375 [main] INFO  org.example.AccountRegistry - Найден счёт по номеру: 92748160537291845063
2025-10-18 07:57:39.381 [main] INFO  org.example.BankAccountManager - Аккаунт выбран: 92748160537291845063
2025-10-18 07:57:40.934 [main] INFO  org.example.BankAccountManager - Баланс показан: 0.0 для аккаунта 92748160537291845063
2025-10-18 07:58:04.580 [main] WARN  org.example.AccountRegistry - Счёт с номером 50392716485023971846 не найден
2025-10-18 07:58:04.889 [main] WARN  org.example.BankAccountManager - Некорректный ввод для выбора меню
2025-10-18 07:58:04.889 [main] WARN  org.example.BankAccountManager - Неверный выбор в меню: -1
2025-10-18 07:58:07.959 [main] ERROR org.example.BankAccountManager - Неверный формат КПП: 
2025-10-18 07:58:18.320 [main] INFO  org.example.BankDetails - Реквизиты созданы для счёта: 50392716485023971846
2025-10-18 07:58:18.322 [main] INFO  org.example.BankAccount - Транзакции загружены для счёта 50392716485023971846
2025-10-18 07:58:18.323 [main] INFO  org.example.BankAccount - Банковский счёт инициализирован для: 50392716485023971846
2025-10-18 07:58:18.325 [main] INFO  org.example.AccountRegistry - Счёт сохранён в файл: 50392716485023971846
2025-10-18 07:58:18.330 [main] INFO  org.example.AccountRegistry - Добавлен счёт: 50392716485023971846
2025-10-18 07:58:18.331 [main] INFO  org.example.BankAccountManager - Аккаунта создан: 50392716485023971846
2025-10-18 07:58:22.010 [main] INFO  org.example.Transaction - Создана транзакция: DEPOSIT 400.0
2025-10-18 07:58:22.011 [main] INFO  org.example.BankAccount - Транзакция сохранена для счёта 50392716485023971846
2025-10-18 07:58:22.011 [main] INFO  org.example.BankAccount - Пополнение: 400.0 на счёт 50392716485023971846
2025-10-18 07:58:28.458 [main] INFO  org.example.BankAccount - Отображены транзакции по счёту 50392716485023971846
2025-10-18 07:58:37.391 [main] INFO  org.example.BankAccountManager - Программа завершена
2025-10-18 08:07:46.411 [main] INFO  org.example.AccountRegistry - Счета загружены из файла
2025-10-18 08:07:46.413 [main] INFO  org.example.AccountRegistry - Реестр счетов инициализирован
2025-10-18 08:07:46.413 [main] INFO  org.example.BankAccountManager - Менеджер банковских счетов запущен
2025-10-18 08:08:02.689 [main] ERROR org.example.BankAccountManager - Неверный формат номера счёта: public void Deposit(double amount) throws IllegalArgumentException {
2025-10-18 08:08:02.689 [main] WARN  org.example.BankAccountManager - Некорректный ввод для выбора меню
2025-10-18 08:08:02.689 [main] WARN  org.example.BankAccountManager - Неверный выбор в меню: -1
2025-10-18 08:08:02.690 [main] WARN  org.example.BankAccountManager - Некорректный ввод для выбора меню
2025-10-18 08:08:02.690 [main] WARN  org.example.BankAccountManager - Неверный выбор в меню: -1
2025-10-18 08:08:02.690 [main] WARN  org.example.BankAccountManager - Некорректный ввод для выбора меню
2025-10-18 08:08:02.690 [main] WARN  org.example.BankAccountManager - Неверный выбор в меню: -1
2025-10-18 08:08:02.691 [main] WARN  org.example.BankAccountManager - Некорректный ввод для выбора меню
2025-10-18 08:08:02.691 [main] WARN  org.example.BankAccountManager - Неверный выбор в меню: -1
2025-10-18 08:08:02.691 [main] WARN  org.example.BankAccountManager - Некорректный ввод для выбора меню
2025-10-18 08:08:02.691 [main] WARN  org.example.BankAccountManager - Неверный выбор в меню: -1
2025-10-18 08:08:02.691 [main] WARN  org.example.BankAccountManager - Некорректный ввод для выбора меню
2025-10-18 08:08:02.692 [main] WARN  org.example.BankAccountManager - Неверный выбор в меню: -1
2025-10-18 08:08:02.692 [main] WARN  org.example.BankAccountManager - Некорректный ввод для выбора меню
2025-10-18 08:08:02.692 [main] WARN  org.example.BankAccountManager - Неверный выбор в меню: -1
2025-10-18 08:08:02.692 [main] WARN  org.example.BankAccountManager - Некорректный ввод для выбора меню
2025-10-18 08:08:02.692 [main] WARN  org.example.BankAccountManager - Неверный выбор в меню: -1
2025-10-18 08:08:02.692 [main] WARN  org.example.BankAccountManager - Некорректный ввод для выбора меню
2025-10-18 08:08:02.693 [main] WARN  org.example.BankAccountManager - Неверный выбор в меню: -1
2025-10-18 08:08:02.693 [main] WARN  org.example.BankAccountManager - Некорректный ввод для выбора меню
2025-10-18 08:08:02.693 [main] WARN  org.example.BankAccountManager - Неверный выбор в меню: -1
2025-10-18 08:08:02.693 [main] WARN  org.example.BankAccountManager - Некорректный ввод для выбора меню
2025-10-18 08:08:02.693 [main] WARN  org.example.BankAccountManager - Неверный выбор в меню: -1
2025-10-18 08:08:02.693 [main] WARN  org.example.BankAccountManager - Некорректный ввод для выбора меню
2025-10-18 08:08:02.694 [main] WARN  org.example.BankAccountManager - Неверный выбор в меню: -1
2025-10-18 08:08:02.694 [main] WARN  org.example.BankAccountManager - Некорректный ввод для выбора меню
2025-10-18 08:08:02.694 [main] WARN  org.example.BankAccountManager - Неверный выбор в меню: -1
2025-10-18 08:08:02.694 [main] WARN  org.example.BankAccountManager - Некорректный ввод для выбора меню
2025-10-18 08:08:02.694 [main] WARN  org.example.BankAccountManager - Неверный выбор в меню: -1
2025-10-18 08:08:02.694 [main] WARN  org.example.BankAccountManager - Некорректный ввод для выбора меню
2025-10-18 08:08:02.695 [main] WARN  org.example.BankAccountManager - Неверный выбор в меню: -1
2025-10-18 08:08:02.695 [main] WARN  org.example.BankAccountManager - Некорректный ввод для выбора меню
2025-10-18 08:08:02.695 [main] WARN  org.example.BankAccountManager - Неверный выбор в меню: -1
2025-10-18 08:08:02.695 [main] WARN  org.example.BankAccountManager - Некорректный ввод для выбора меню
2025-10-18 08:08:02.695 [main] WARN  org.example.BankAccountManager - Неверный выбор в меню: -1
2025-10-18 08:08:02.695 [main] WARN  org.example.BankAccountManager - Некорректный ввод для выбора меню
2025-10-18 08:08:02.696 [main] WARN  org.example.BankAccountManager - Неверный выбор в меню: -1
2025-10-18 08:08:02.696 [main] WARN  org.example.BankAccountManager - Некорректный ввод для выбора меню
2025-10-18 08:08:02.696 [main] WARN  org.example.BankAccountManager - Неверный выбор в меню: -1
2025-10-18 08:08:02.696 [main] WARN  org.example.BankAccountManager - Некорректный ввод для выбора меню
2025-10-18 08:08:02.696 [main] WARN  org.example.BankAccountManager - Неверный выбор в меню: -1
2025-10-18 08:08:02.696 [main] WARN  org.example.BankAccountManager - Некорректный ввод для выбора меню
2025-10-18 08:08:02.697 [main] WARN  org.example.BankAccountManager - Неверный выбор в меню: -1
2025-10-18 08:08:02.697 [main] WARN  org.example.BankAccountManager - Некорректный ввод для выбора меню
2025-10-18 08:08:02.697 [main] WARN  org.example.BankAccountManager - Неверный выбор в меню: -1
2025-10-18 08:08:02.697 [main] WARN  org.example.BankAccountManager - Некорректный ввод для выбора меню
2025-10-18 08:08:02.697 [main] WARN  org.example.BankAccountManager - Неверный выбор в меню: -1
2025-10-18 08:08:02.697 [main] WARN  org.example.BankAccountManager - Некорректный ввод для выбора меню
2025-10-18 08:08:02.697 [main] WARN  org.example.BankAccountManager - Неверный выбор в меню: -1
2025-10-18 08:08:02.697 [main] WARN  org.example.BankAccountManager - Некорректный ввод для выбора меню
2025-10-18 08:08:02.698 [main] WARN  org.example.BankAccountManager - Неверный выбор в меню: -1
2025-10-18 08:08:02.698 [main] WARN  org.example.BankAccountManager - Некорректный ввод для выбора меню
2025-10-18 08:08:02.698 [main] WARN  org.example.BankAccountManager - Неверный выбор в меню: -1
2025-10-18 08:08:02.698 [main] WARN  org.example.BankAccountManager - Некорректный ввод для выбора меню
2025-10-18 08:08:02.698 [main] WARN  org.example.BankAccountManager - Неверный выбор в меню: -1
2025-10-18 08:08:18.473 [main] WARN  org.example.BankAccountManager - Некорректный ввод для выбора меню
2025-10-18 08:08:18.476 [main] WARN  org.example.BankAccountManager - Неверный выбор в меню: -1
2025-10-18 08:08:33.533 [main] INFO  org.example.BankDetails - Реквизиты созданы для счёта: 92748160537291845063
2025-10-18 08:08:33.534 [main] INFO  org.example.BankAccount - Файл транзакций для счёта 92748160537291845063 не найден
2025-10-18 08:08:33.535 [main] INFO  org.example.BankAccount - Банковский счёт инициализирован для: 92748160537291845063
2025-10-18 08:08:33.535 [main] INFO  org.example.AccountRegistry - Счёт сохранён в файл: 92748160537291845063
2025-10-18 08:08:33.536 [main] INFO  org.example.AccountRegistry - Добавлен счёт: 92748160537291845063
2025-10-18 08:08:33.536 [main] INFO  org.example.BankAccountManager - Аккаунта создан: 92748160537291845063
2025-10-18 08:08:42.743 [main] INFO  org.example.Transaction - Создана транзакция: DEPOSIT 500.0
2025-10-18 08:08:42.745 [main] INFO  org.example.BankAccount - Транзакция сохранена для счёта 92748160537291845063
2025-10-18 08:08:42.745 [main] INFO  org.example.BankAccount - Пополнение: 500.0 на счёт 92748160537291845063
2025-10-18 08:08:42.745 [main] INFO  org.example.BankDetails - Реквизиты созданы для счёта: 92748160537291845063
2025-10-18 08:08:42.746 [main] INFO  org.example.BankAccount - Транзакции загружены для счёта 92748160537291845063
2025-10-18 08:08:42.746 [main] INFO  org.example.BankAccount - Банковский счёт инициализирован для: 92748160537291845063
2025-10-18 08:08:42.746 [main] INFO  org.example.AccountRegistry - Счета загружены из файла
2025-10-18 08:08:42.746 [main] INFO  org.example.AccountRegistry - Реестр счетов инициализирован
2025-10-18 08:08:56.380 [main] INFO  org.example.BankAccountManager - Баланс показан: 500.0 для аккаунта 92748160537291845063
2025-10-18 08:09:07.221 [main] INFO  org.example.BankAccountManager - Программа завершена
2025-10-18 08:09:11.988 [main] INFO  org.example.BankDetails - Реквизиты созданы для счёта: 92748160537291845063
2025-10-18 08:09:11.991 [main] INFO  org.example.BankAccount - Транзакции загружены для счёта 92748160537291845063
2025-10-18 08:09:11.991 [main] INFO  org.example.BankAccount - Банковский счёт инициализирован для: 92748160537291845063
2025-10-18 08:09:11.991 [main] INFO  org.example.AccountRegistry - Счета загружены из файла
2025-10-18 08:09:11.991 [main] INFO  org.example.AccountRegistry - Реестр счетов инициализирован
2025-10-18 08:09:11.991 [main] INFO  org.example.BankAccountManager - Менеджер банковских счетов запущен
2025-10-18 08:09:21.286 [main] INFO  org.example.AccountRegistry - Найден счёт по номеру: 92748160537291845063
2025-10-18 08:09:21.292 [main] INFO  org.example.BankAccountManager - Аккаунт выбран: 92748160537291845063
2025-10-18 08:09:25.875 [main] INFO  org.example.BankAccountManager - Баланс показан: 500.0 для аккаунта 92748160537291845063
2025-10-18 08:09:31.332 [main] INFO  org.example.Transaction - Создана транзакция: WITHDRAW 20.0
2025-10-18 08:09:31.332 [main] INFO  org.example.BankAccount - Транзакция сохранена для счёта 92748160537291845063
2025-10-18 08:09:31.333 [main] INFO  org.example.BankAccount - Снято: 20.0 со счёта 92748160537291845063
2025-10-18 08:09:31.333 [main] INFO  org.example.BankDetails - Реквизиты созданы для счёта: 92748160537291845063
2025-10-18 08:09:31.334 [main] INFO  org.example.BankAccount - Транзакции загружены для счёта 92748160537291845063
2025-10-18 08:09:31.334 [main] INFO  org.example.BankAccount - Банковский счёт инициализирован для: 92748160537291845063
2025-10-18 08:09:31.334 [main] INFO  org.example.AccountRegistry - Счета загружены из файла
2025-10-18 08:09:31.334 [main] INFO  org.example.AccountRegistry - Реестр счетов инициализирован
2025-10-18 08:10:08.579 [main] INFO  org.example.AccountRegistry - Найден счёт по номеру: 92748160537291845063
2025-10-18 08:10:25.084 [main] WARN  org.example.AccountRegistry - Счета по указанным критериям не найдены
